[debug] [2025-11-13T11:21:12.470Z] ----------------------------------------------------------------------
[debug] [2025-11-13T11:21:12.472Z] Command:       C:\Program Files\nodejs\node.exe C:\Users\yagiz\AppData\Roaming\npm\node_modules\firebase-tools\lib\bin\firebase.js init functions
[debug] [2025-11-13T11:21:12.472Z] CLI Version:   13.29.1
[debug] [2025-11-13T11:21:12.472Z] Platform:      win32
[debug] [2025-11-13T11:21:12.472Z] Node Version:  v20.14.0
[debug] [2025-11-13T11:21:12.472Z] Time:          Thu Nov 13 2025 14:21:12 GMT+0300 (GMT+03:00)
[debug] [2025-11-13T11:21:12.472Z] ----------------------------------------------------------------------
[debug] 
[debug] [2025-11-13T11:21:12.475Z] >>> [apiv2][query] GET https://firebase-public.firebaseio.com/cli.json [none]
[debug] [2025-11-13T11:21:12.502Z] > command requires scopes: ["email","openid","https://www.googleapis.com/auth/cloudplatformprojects.readonly","https://www.googleapis.com/auth/firebase","https://www.googleapis.com/auth/cloud-platform"]
[debug] [2025-11-13T11:21:12.502Z] > authorizing via signed-in user (yagizerdem819@gmail.com)
[info] 
     ######## #### ########  ######## ########     ###     ######  ########
     ##        ##  ##     ## ##       ##     ##  ##   ##  ##       ##
     ######    ##  ########  ######   ########  #########  ######  ######
     ##        ##  ##    ##  ##       ##     ## ##     ##       ## ##
     ##       #### ##     ## ######## ########  ##     ##  ######  ########

You're about to initialize a Firebase project in this directory:

  C:\Users\yagiz\Desktop\medilink\medilink

[debug] [2025-11-13T11:21:12.892Z] <<< [apiv2][status] GET https://firebase-public.firebaseio.com/cli.json 200
[debug] [2025-11-13T11:21:12.893Z] <<< [apiv2][body] GET https://firebase-public.firebaseio.com/cli.json {"cloudBuildErrorAfter":1594252800000,"cloudBuildWarnAfter":1590019200000,"defaultNode10After":1594252800000,"minVersion":"3.0.5","node8DeploysDisabledAfter":1613390400000,"node8RuntimeDisabledAfter":1615809600000,"node8WarnAfter":1600128000000}
[info] 
=== Project Setup
[info] 
[info] First, let's associate this project directory with a Firebase project.
[info] You can create multiple project aliases by running firebase use --add, 
[info] but for now we'll just set up a default project.
[info] 
